// Jest Snapshot v1, https://goo.gl/fbAQLP

exports[`<CommonTemplates /> take a snapshot 1`] = `
<Fragment>
  <withRouter(Header) />
  <Footer />
</Fragment>
`;
