// Jest Snapshot v1, https://goo.gl/fbAQLP

exports[`<Header/> take a snapshot 1`] = `
<ContextConsumer>
  <Component />
</ContextConsumer>
`;
